[    0.000000] Linux version 4.15.0-189-generic (buildd@lcy02-amd64-039) (gcc version 7.5.0 (Ubuntu 7.5.0-3ubuntu1~18.04)) #200-Ubuntu SMP Wed Jun 22 19:53:37 UTC 2022 (Ubuntu 4.15.0-189.200-generic 4.15.18)
[    0.000000] Command line: BOOT_IMAGE=/boot/vmlinuz-4.15.0-189-generic root=LABEL=cloudimg-rootfs ro console=tty1 console=ttyS0
[    0.000000] KERNEL supported cpus:
[    0.000000]   Intel GenuineIntel
[    0.000000]   AMD AuthenticAMD
[    0.000000]   Centaur CentaurHauls
[    0.000000] [Firmware Bug]: TSC doesn't count with P0 frequency!
[    0.000000] x86/fpu: x87 FPU will use FXSAVE
[    0.000000] e820: BIOS-provided physical RAM map:
[    0.000000] BIOS-e820: [mem 0x0000000000000000-0x000000000009fbff] usable
[    0.000000] BIOS-e820: [mem 0x000000000009fc00-0x000000000009ffff] reserved
[    0.000000] BIOS-e820: [mem 0x00000000000f0000-0x00000000000fffff] reserved
[    0.000000] BIOS-e820: [mem 0x0000000000100000-0x000000007ffeffff] usable
[    0.000000] BIOS-e820: [mem 0x000000007fff0000-0x000000007fffffff] ACPI data
[    0.000000] BIOS-e820: [mem 0x00000000fec00000-0x00000000fec00fff] reserved
[    0.000000] BIOS-e820: [mem 0x00000000fee00000-0x00000000fee00fff] reserved
[    0.000000] BIOS-e820: [mem 0x00000000fffc0000-0x00000000ffffffff] reserved
[    0.000000] NX (Execute Disable) protection: active
[    0.000000] SMBIOS 2.5 present.
[    0.000000] DMI: innotek GmbH VirtualBox/VirtualBox, BIOS VirtualBox 12/01/2006
[    0.000000] Hypervisor detected: KVM
[    0.000000] e820: last_pfn = 0x7fff0 max_arch_pfn = 0x400000000
[    0.000000] MTRR: Disabled
[    0.000000] x86/PAT: MTRRs disabled, skipping PAT initialization too.
[    0.000000] CPU MTRRs all blank - virtualized system.
[    0.000000] x86/PAT: Configuration [0-7]: WB  WT  UC- UC  WB  WT  UC- UC  
[    0.000000] found SMP MP-table at [mem 0x0009fff0-0x0009ffff]
[    0.000000] Scanning 1 areas for low memory corruption
[    0.000000] RAMDISK: [mem 0x359c7000-0x36cdafff]
[    0.000000] ACPI: Early table checksum verification disabled
[    0.000000] ACPI: RSDP 0x00000000000E0000 000024 (v02 VBOX  )
[    0.000000] ACPI: XSDT 0x000000007FFF0030 00003C (v01 VBOX   VBOXXSDT 00000001 ASL  00000061)
[    0.000000] ACPI: FACP 0x000000007FFF00F0 0000F4 (v04 VBOX   VBOXFACP 00000001 ASL  00000061)
[    0.000000] ACPI: DSDT 0x000000007FFF0480 002325 (v02 VBOX   VBOXBIOS 00000002 INTL 20100528)
[    0.000000] ACPI: FACS 0x000000007FFF0200 000040
[    0.000000] ACPI: FACS 0x000000007FFF0200 000040
[    0.000000] ACPI: APIC 0x000000007FFF0240 00006C (v02 VBOX   VBOXAPIC 00000001 ASL  00000061)
[    0.000000] ACPI: SSDT 0x000000007FFF02B0 0001CC (v01 VBOX   VBOXCPUT 00000002 INTL 20100528)
[    0.000000] ACPI: Reserving FACP table memory at [mem 0x7fff00f0-0x7fff01e3]
[    0.000000] ACPI: Reserving DSDT table memory at [mem 0x7fff0480-0x7fff27a4]
[    0.000000] ACPI: Reserving FACS table memory at [mem 0x7fff0200-0x7fff023f]
[    0.000000] ACPI: Reserving FACS table memory at [mem 0x7fff0200-0x7fff023f]
[    0.000000] ACPI: Reserving APIC table memory at [mem 0x7fff0240-0x7fff02ab]
[    0.000000] ACPI: Reserving SSDT table memory at [mem 0x7fff02b0-0x7fff047b]
[    0.000000] No NUMA configuration found
[    0.000000] Faking a node at [mem 0x0000000000000000-0x000000007ffeffff]
[    0.000000] NODE_DATA(0) allocated [mem 0x7ffc5000-0x7ffeffff]
[    0.000000] kvm-clock: cpu 0, msr 0:7ff44001, primary cpu clock
[    0.000000] kvm-clock: Using msrs 4b564d01 and 4b564d00
[    0.000000] kvm-clock: using sched offset of 4422769494 cycles
[    0.000000] clocksource: kvm-clock: mask: 0xffffffffffffffff max_cycles: 0x1cd42e4dffb, max_idle_ns: 881590591483 ns
[    0.000000] Zone ranges:
[    0.000000]   DMA      [mem 0x0000000000001000-0x0000000000ffffff]
[    0.000000]   DMA32    [mem 0x0000000001000000-0x000000007ffeffff]
[    0.000000]   Normal   empty
[    0.000000]   Device   empty
[    0.000000] Movable zone start for each node
[    0.000000] Early memory node ranges
[    0.000000]   node   0: [mem 0x0000000000001000-0x000000000009efff]
[    0.000000]   node   0: [mem 0x0000000000100000-0x000000007ffeffff]
[    0.000000] Reserved but unavailable: 104 pages
[    0.000000] Initmem setup node 0 [mem 0x0000000000001000-0x000000007ffeffff]
[    0.000000] ACPI: PM-Timer IO Port: 0x4008
[    0.000000] IOAPIC[0]: apic_id 4, version 32, address 0xfec00000, GSI 0-23
[    0.000000] ACPI: INT_SRC_OVR (bus 0 bus_irq 0 global_irq 2 dfl dfl)
[    0.000000] ACPI: INT_SRC_OVR (bus 0 bus_irq 9 global_irq 9 low level)
[    0.000000] Using ACPI (MADT) for SMP configuration information
[    0.000000] smpboot: Allowing 4 CPUs, 0 hotplug CPUs
[    0.000000] PM: Registered nosave memory: [mem 0x00000000-0x00000fff]
[    0.000000] PM: Registered nosave memory: [mem 0x0009f000-0x0009ffff]
[    0.000000] PM: Registered nosave memory: [mem 0x000a0000-0x000effff]
[    0.000000] PM: Registered nosave memory: [mem 0x000f0000-0x000fffff]
[    0.000000] e820: [mem 0x80000000-0xfebfffff] available for PCI devices
[    0.000000] Booting paravirtualized kernel on KVM
[    0.000000] clocksource: refined-jiffies: mask: 0xffffffff max_cycles: 0xffffffff, max_idle_ns: 7645519600211568 ns
[    0.000000] random: get_random_bytes called from start_kernel+0x99/0x500 with crng_init=0
[    0.000000] setup_percpu: NR_CPUS:8192 nr_cpumask_bits:4 nr_cpu_ids:4 nr_node_ids:1
[    0.000000] percpu: Embedded 50 pages/cpu s167936 r8192 d28672 u524288
[    0.000000] PV qspinlock hash table entries: 256 (order: 0, 4096 bytes)
[    0.000000] Built 1 zonelists, mobility grouping on.  Total pages: 515961
[    0.000000] Policy zone: DMA32
[    0.000000] Kernel command line: BOOT_IMAGE=/boot/vmlinuz-4.15.0-189-generic root=LABEL=cloudimg-rootfs ro console=tty1 console=ttyS0
[    0.000000] Memory: 2014432K/2096696K available (12300K kernel code, 2484K rwdata, 4324K rodata, 2468K init, 2724K bss, 82264K reserved, 0K cma-reserved)
[    0.000000] SLUB: HWalign=64, Order=0-3, MinObjects=0, CPUs=4, Nodes=1
[    0.000000] ftrace: allocating 39515 entries in 155 pages
[    0.004000] Hierarchical RCU implementation.
[    0.004000] 	RCU restricting CPUs from NR_CPUS=8192 to nr_cpu_ids=4.
[    0.004000] 	Tasks RCU enabled.
[    0.004000] RCU: Adjusting geometry for rcu_fanout_leaf=16, nr_cpu_ids=4
[    0.004000] NR_IRQS: 524544, nr_irqs: 456, preallocated irqs: 16
[    0.004000] Console: colour VGA+ 80x25
[    0.004000] console [tty1] enabled
[    0.004000] console [ttyS0] enabled
[    0.004000] ACPI: Core revision 20170831
[    0.004000] ACPI: 2 ACPI AML tables successfully acquired and loaded
[    0.004000] APIC: Switch to symmetric I/O mode setup
[    0.004000] ..TIMER: vector=0x30 apic1=0 pin1=2 apic2=-1 pin2=-1
[    0.004000] tsc: Detected 1796.562 MHz processor
[    0.004000] Calibrating delay loop (skipped) preset value.. 3593.12 BogoMIPS (lpj=7186248)
[    0.004000] pid_max: default: 32768 minimum: 301
[    0.004085] Security Framework initialized
[    0.008010] Yama: becoming mindful.
[    0.012188] AppArmor: AppArmor initialized
[    0.030323] Dentry cache hash table entries: 262144 (order: 9, 2097152 bytes)
[    0.040897] Inode-cache hash table entries: 131072 (order: 8, 1048576 bytes)
[    0.044164] Mount-cache hash table entries: 4096 (order: 3, 32768 bytes)
[    0.048165] Mountpoint-cache hash table entries: 4096 (order: 3, 32768 bytes)
[    0.053414] Last level iTLB entries: 4KB 1024, 2MB 1024, 4MB 512
[    0.056015] Last level dTLB entries: 4KB 2048, 2MB 2048, 4MB 1024, 1GB 0
[    0.060008] Spectre V1 : Mitigation: usercopy/swapgs barriers and __user pointer sanitization
[    0.064004] Spectre V2 : Mitigation: Retpolines
[    0.068008] Spectre V2 : Spectre v2 / SpectreRSB mitigation: Filling RSB on context switch
[    0.072188] Freeing SMP alternatives memory: 36K
[    0.188000] smpboot: CPU0: AMD Ryzen 7 5700U with Radeon Graphics (family: 0x17, model: 0x68, stepping: 0x1)
[    0.188000] Performance Events: PMU not available due to virtualization, using software events only.
[    0.188000] Hierarchical SRCU implementation.
[    0.188000] NMI watchdog: Perf event create on CPU 0 failed with -2
[    0.188000] NMI watchdog: Perf NMI watchdog permanently disabled
[    0.188000] smp: Bringing up secondary CPUs ...
[    0.188000] x86: Booting SMP configuration:
[    0.188000] .... node  #0, CPUs:      #1
[    0.004000] kvm-clock: cpu 1, msr 0:7ff44041, secondary cpu clock
[    0.201600]  #2
[    0.004000] kvm-clock: cpu 2, msr 0:7ff44081, secondary cpu clock
[    0.221144]  #3
[    0.004000] kvm-clock: cpu 3, msr 0:7ff440c1, secondary cpu clock
[    0.240246] smp: Brought up 1 node, 4 CPUs
[    0.244009] smpboot: Max logical packages: 1
[    0.248006] smpboot: Total of 4 processors activated (14372.49 BogoMIPS)
[    0.252958] devtmpfs: initialized
[    0.256398] x86/mm: Memory block size: 128MB
[    0.264686] evm: security.selinux
[    0.268003] evm: security.SMACK64
[    0.272009] evm: security.SMACK64EXEC
[    0.276005] evm: security.SMACK64TRANSMUTE
[    0.280005] evm: security.SMACK64MMAP
[    0.284008] evm: security.apparmor
[    0.288009] evm: security.ima
[    0.291172] evm: security.capability
[    0.300230] clocksource: jiffies: mask: 0xffffffff max_cycles: 0xffffffff, max_idle_ns: 7645041785100000 ns
[    0.316066] futex hash table entries: 1024 (order: 4, 65536 bytes)
[    0.328777] pinctrl core: initialized pinctrl subsystem
[    0.336234] RTC time:  0:47:38, date: 08/09/22
[    0.345318] NET: Registered protocol family 16
[    0.356175] audit: initializing netlink subsys (disabled)
[    0.368441] audit: type=2000 audit(1660006063.904:1): state=initialized audit_enabled=0 res=1
[    0.380005] cpuidle: using governor ladder
[    0.384329] cpuidle: using governor menu
[    0.392644] ACPI: bus type PCI registered
[    0.400012] acpiphp: ACPI Hot Plug PCI Controller Driver version: 0.5
[    0.404071] PCI: Using configuration type 1 for base access
[    0.412003] PCI: Using configuration type 1 for extended access
[    0.432196] HugeTLB registered 2.00 MiB page size, pre-allocated 0 pages
[    0.444458] ACPI: Added _OSI(Module Device)
[    0.448000] ACPI: Added _OSI(Processor Device)
[    0.452008] ACPI: Added _OSI(3.0 _SCP Extensions)
[    0.456009] ACPI: Added _OSI(Processor Aggregator Device)
[    0.460009] ACPI: Added _OSI(Linux-Dell-Video)
[    0.468007] ACPI: Added _OSI(Linux-Lenovo-NV-HDMI-Audio)
[    0.472009] ACPI: Added _OSI(Linux-HPI-Hybrid-Graphics)
[    0.480943] ACPI: Executed 1 blocks of module-level executable AML code
[    0.489849] ACPI: Interpreter enabled
[    0.496019] ACPI: (supports S0 S5)
[    0.504006] ACPI: Using IOAPIC for interrupt routing
[    0.508477] PCI: Using host bridge windows from ACPI; if necessary, use "pci=nocrs" and report a bug
[    0.520309] ACPI: Enabled 2 GPEs in block 00 to 07
[    0.531145] ACPI: PCI Root Bridge [PCI0] (domain 0000 [bus 00-ff])
[    0.536014] acpi PNP0A03:00: _OSC: OS supports [ExtendedConfig ASPM ClockPM Segments MSI]
[    0.545729] acpi PNP0A03:00: _OSC: platform does not support [PCIeCapability]
[    0.556891] acpi PNP0A03:00: _OSC: not requesting control; platform does not support [PCIeCapability]
[    0.568006] acpi PNP0A03:00: _OSC: OS requested [PCIeHotplug PME AER PCIeCapability]
[    0.576009] acpi PNP0A03:00: _OSC: platform willing to grant [PCIeHotplug PME AER]
[    0.584009] acpi PNP0A03:00: _OSC failed (AE_SUPPORT); disabling ASPM
[    0.596888] PCI host bridge to bus 0000:00
[    0.600013] pci_bus 0000:00: root bus resource [io  0x0000-0x0cf7 window]
[    0.608005] pci_bus 0000:00: root bus resource [io  0x0d00-0xffff window]
[    0.616012] pci_bus 0000:00: root bus resource [mem 0x000a0000-0x000bffff window]
[    0.624005] pci_bus 0000:00: root bus resource [mem 0x80000000-0xfdffffff window]
[    0.636019] pci_bus 0000:00: root bus resource [bus 00-ff]
[    0.646724] pci 0000:00:01.1: legacy IDE quirk: reg 0x10: [io  0x01f0-0x01f7]
[    0.656009] pci 0000:00:01.1: legacy IDE quirk: reg 0x14: [io  0x03f6]
[    0.664009] pci 0000:00:01.1: legacy IDE quirk: reg 0x18: [io  0x0170-0x0177]
[    0.668005] pci 0000:00:01.1: legacy IDE quirk: reg 0x1c: [io  0x0376]
[    0.699149] pci 0000:00:07.0: quirk: [io  0x4000-0x403f] claimed by PIIX4 ACPI
[    0.704045] pci 0000:00:07.0: quirk: [io  0x4100-0x410f] claimed by PIIX4 SMB
[    0.719653] ACPI: PCI Interrupt Link [LNKA] (IRQs 5 9 10 *11)
[    0.728610] ACPI: PCI Interrupt Link [LNKB] (IRQs 5 9 *10 11)
[    0.732264] ACPI: PCI Interrupt Link [LNKC] (IRQs 5 *9 10 11)
[    0.740226] ACPI: PCI Interrupt Link [LNKD] (IRQs 5 9 10 *11)
[    0.752938] SCSI subsystem initialized
[    0.760275] pci 0000:00:02.0: vgaarb: setting as boot VGA device
[    0.764000] pci 0000:00:02.0: vgaarb: VGA device added: decodes=io+mem,owns=io+mem,locks=none
[    0.772011] pci 0000:00:02.0: vgaarb: bridge control possible
[    0.780006] vgaarb: loaded
[    0.784086] ACPI: bus type USB registered
[    0.788040] usbcore: registered new interface driver usbfs
[    0.792032] usbcore: registered new interface driver hub
[    0.800129] usbcore: registered new device driver usb
[    0.808228] EDAC MC: Ver: 3.0.0
[    0.816194] PCI: Using ACPI for IRQ routing
[    0.820898] NetLabel: Initializing
[    0.828004] NetLabel:  domain hash size = 128
[    0.836009] NetLabel:  protocols = UNLABELED CIPSOv4 CALIPSO
[    0.848028] NetLabel:  unlabeled traffic allowed by default
[    0.860693] clocksource: Switched to clocksource kvm-clock
[    0.873180] VFS: Disk quotas dquot_6.6.0
[    0.873180] VFS: Dquot-cache hash table entries: 512 (order 0, 4096 bytes)
[    0.873180] AppArmor: AppArmor Filesystem Enabled
[    0.873180] pnp: PnP ACPI init
[    0.873180] pnp: PnP ACPI: found 3 devices
[    0.993901] clocksource: acpi_pm: mask: 0xffffff max_cycles: 0xffffff, max_idle_ns: 2085701024 ns
[    0.996065] NET: Registered protocol family 2
[    0.996065] IP idents hash table entries: 32768 (order: 6, 262144 bytes)
[    0.996065] TCP established hash table entries: 16384 (order: 5, 131072 bytes)
[    1.023599] TCP bind hash table entries: 16384 (order: 6, 262144 bytes)
[    1.027017] TCP: Hash tables configured (established 16384 bind 16384)
[    1.027017] UDP hash table entries: 1024 (order: 3, 32768 bytes)
[    1.027017] UDP-Lite hash table entries: 1024 (order: 3, 32768 bytes)
[    1.027017] NET: Registered protocol family 1
[    1.027017] pci 0000:00:00.0: Limiting direct PCI/PCI transfers
[    1.027017] pci 0000:00:01.0: Activating ISA DMA hang workarounds
[    1.027017] pci 0000:00:02.0: Video device with shadowed ROM at [mem 0x000c0000-0x000dffff]
[    1.027017] Unpacking initramfs...
[    1.615504] Freeing initrd memory: 19536K
[    1.619698] clocksource: tsc: mask: 0xffffffffffffffff max_cycles: 0x19e579d5bfc, max_idle_ns: 440795232705 ns
[    1.629763] platform rtc_cmos: registered platform RTC device (no PNP device found)
[    1.638546] Scanning for low memory corruption every 60 seconds
[    1.648654] Initialise system trusted keyrings
[    1.652805] Key type blacklist registered
[    1.657926] workingset: timestamp_bits=36 max_order=19 bucket_order=0
[    1.669062] zbud: loaded
[    1.674420] squashfs: version 4.0 (2009/01/31) Phillip Lougher
[    1.682935] fuse init (API version 7.26)
[    1.764914] Key type asymmetric registered
[    1.768874] Asymmetric key parser 'x509' registered
[    1.768874] Block layer SCSI generic (bsg) driver version 0.4 loaded (major 246)
[    1.789155] io scheduler noop registered
[    1.795859] io scheduler deadline registered
[    1.802369] io scheduler cfq registered (default)
[    1.812753] ACPI: AC Adapter [AC] (off-line)
[    1.817553] input: Power Button as /devices/LNXSYSTM:00/LNXPWRBN:00/input/input0
[    1.828412] ACPI: Power Button [PWRF]
[    1.834009] input: Sleep Button as /devices/LNXSYSTM:00/LNXSLPBN:00/input/input1
[    1.842233] ACPI: Sleep Button [SLPF]
[    1.850218] Serial: 8250/16550 driver, 32 ports, IRQ sharing enabled
[    1.850705] ACPI: Battery Slot [BAT0] (battery present)
[    1.887187] 00:02: ttyS0 at I/O 0x3f8 (irq = 4, base_baud = 115200) is a 16550A
[    1.923735] Linux agpgart interface v0.103
[    1.940457] loop: module loaded
[    1.948574] scsi host0: ata_piix
[    1.956001] scsi host1: ata_piix
[    1.959177] ata1: PATA max UDMA/33 cmd 0x1f0 ctl 0x3f6 bmdma 0xd000 irq 14
[    1.963099] ata2: PATA max UDMA/33 cmd 0x170 ctl 0x376 bmdma 0xd008 irq 15
[    1.963099] tun: Universal TUN/TAP device driver, 1.6
[    1.977755] PPP generic driver version 2.4.2
[    1.983381] ehci_hcd: USB 2.0 'Enhanced' Host Controller (EHCI) Driver
[    1.987292] ehci-pci: EHCI PCI platform driver
[    1.987292] ehci-platform: EHCI generic platform driver
[    1.987292] ohci_hcd: USB 1.1 'Open' Host Controller (OHCI) Driver
[    1.987292] ohci-pci: OHCI PCI platform driver
[    1.987292] ohci-platform: OHCI generic platform driver
[    1.987292] uhci_hcd: USB Universal Host Controller Interface driver
[    1.987292] i8042: PNP: PS/2 Controller [PNP0303:PS2K,PNP0f03:PS2M] at 0x60,0x64 irq 1,12
[    1.987292] serio: i8042 KBD port at 0x60,0x64 irq 1
[    1.987292] serio: i8042 AUX port at 0x60,0x64 irq 12
[    2.042885] mousedev: PS/2 mouse device common for all mice
[    2.057878] rtc_cmos rtc_cmos: rtc core: registered rtc_cmos as rtc0
[    2.059964] input: AT Translated Set 2 keyboard as /devices/platform/i8042/serio0/input/input2
[    2.067113] rtc_cmos rtc_cmos: alarms up to one day, 114 bytes nvram
[    2.080708] i2c /dev entries driver
[    2.084579] device-mapper: uevent: version 1.0.3
[    2.091331] device-mapper: ioctl: 4.37.0-ioctl (2017-09-20) initialised: dm-devel@redhat.com
[    2.103169] ledtrig-cpu: registered to indicate activity on CPUs
[    2.116636] NET: Registered protocol family 10
[    2.153993] Segment Routing with IPv6
[    2.159527] NET: Registered protocol family 17
[    2.168425] Key type dns_resolver registered
[    2.195010] mce: Using 0 MCE banks
[    2.200493] RAS: Correctable Errors collector initialized.
[    2.209253] sched_clock: Marking stable (2209180575, 0)->(3019569813, -810389238)
[    2.229044] registered taskstats version 1
[    2.235517] Loading compiled-in X.509 certificates
[    2.252594] Loaded X.509 cert 'Build time autogenerated kernel key: 9c4811ffd453f4b0c13447eb15d717d926dfaff5'
[    2.267405] Loaded X.509 cert 'Canonical Ltd. Live Patch Signing: 14df34d1a87cf37625abec039ef2bf521249b969'
[    2.282516] Loaded X.509 cert 'Canonical Ltd. Kernel Module Signing: 88f752e560a1e0737e31163a466ad7b70a850c19'
[    2.295282] blacklist: Loading compiled-in revocation X.509 certificates
[    2.308195] Loaded X.509 cert 'Canonical Ltd. Secure Boot Signing: 61482aa2830d0ab2ad5af10b7250da9033ddcef0'
[    2.320202] zswap: loaded using pool lzo/zbud
[    2.349117] Key type big_key registered
[    2.355888] Key type trusted registered
[    2.371219] Key type encrypted registered
[    2.378803] AppArmor: AppArmor sha1 policy hashing enabled
[    2.385444] ima: No TPM chip found, activating TPM-bypass! (rc=-19)
[    2.394459] ima: Allocated hash algorithm: sha1
[    2.402671] evm: HMAC attrs: 0x1
[    2.408637]   Magic number: 2:919:758
[    2.412589] tty ttyS9: hash matches
[    2.420452] rtc_cmos rtc_cmos: setting system clock to 2022-08-09 00:47:40 UTC (1660006060)
[    2.431466] BIOS EDD facility v0.16 2004-Jun-25, 0 devices found
[    2.437405] EDD information not available.
[    2.448137] Freeing unused kernel image memory: 2468K
[    2.464647] Write protecting the kernel read-only data: 20480k
[    2.473137] Freeing unused kernel image memory: 2008K
[    2.479146] Freeing unused kernel image memory: 1820K
[    2.491257] x86/mm: Checked W+X mappings: passed, no W+X pages found.
Loading, please wait...
starting version 237
[    2.593371] e1000: Intel(R) PRO/1000 Network Driver - version 7.3.21-k8-NAPI
[    2.600725] e1000: Copyright (c) 1999-2006 Intel Corporation.
[    2.612447] Fusion MPT base driver 3.04.20
[    2.620255] Copyright (c) 1999-2008 LSI Corporation
[    2.681410] Fusion MPT SPI Host driver 3.04.20
[    2.950365] input: ImExPS/2 Generic Explorer Mouse as /devices/platform/i8042/serio1/input/input4
[    3.372620] e1000 0000:00:03.0 eth0: (PCI:33MHz:32-bit) 02:aa:b2:66:c8:08
[    3.379719] e1000 0000:00:03.0 eth0: Intel(R) PRO/1000 Network Connection
[    3.400851] mptbase: ioc0: Initiating bringup
[    3.401513] e1000 0000:00:03.0 enp0s3: renamed from eth0
[    3.508309] ioc0: LSI53C1030 A0: Capabilities={Initiator}
[    3.841850] scsi host2: ioc0: LSI53C1030 A0, FwRev=00000000h, Ports=1, MaxQ=256, IRQ=20
[    4.368024] scsi 2:0:0:0: Direct-Access     VBOX     HARDDISK         1.0  PQ: 0 ANSI: 5
[    4.595978] scsi target2:0:0: Beginning Domain Validation
[    4.614066] scsi target2:0:0: Domain Validation skipping write tests
[    4.621694] scsi target2:0:0: Ending Domain Validation
[    4.628165] scsi target2:0:0: asynchronous
[    4.634386] scsi 2:0:1:0: Direct-Access     VBOX     HARDDISK         1.0  PQ: 0 ANSI: 5
[    4.842034] scsi target2:0:1: Beginning Domain Validation
[    4.851092] random: fast init done
[    4.859380] scsi target2:0:1: Domain Validation skipping write tests
[    4.865112] scsi target2:0:1: Ending Domain Validation
[    4.870250] scsi target2:0:1: asynchronous
[    4.885350] random: systemd-udevd: uninitialized urandom read (16 bytes read)
[    4.888544] sd 2:0:0:0: Attached scsi generic sg0 type 0
[    4.893880] random: systemd-udevd: uninitialized urandom read (16 bytes read)
[    4.893883] random: systemd-udevd: uninitialized urandom read (16 bytes read)
[    4.910775] sd 2:0:0:0: [sda] 83886080 512-byte logical blocks: (42.9 GB/40.0 GiB)
[    4.919636] sd 2:0:1:0: Attached scsi generic sg1 type 0
[    4.928025] sd 2:0:0:0: [sda] Write Protect is off
[    4.935138] sd 2:0:1:0: [sdb] 20480 512-byte logical blocks: (10.5 MB/10.0 MiB)
[    4.949639] sd 2:0:1:0: [sdb] Write Protect is off
[    4.955126] sd 2:0:0:0: [sda] Incomplete mode parameter data
[    4.955504] sd 2:0:1:0: [sdb] Incomplete mode parameter data
[    4.962848] sd 2:0:0:0: [sda] Assuming drive cache: write through
[    4.976981] sd 2:0:1:0: [sdb] Assuming drive cache: write through
[    5.000944]  sda: sda1
[    5.015921] sd 2:0:1:0: [sdb] Attached SCSI disk
[    5.016433] sd 2:0:0:0: [sda] Attached SCSI disk
Begin: Loading essential drivers ... [    8.200148] raid6: sse2x1   gen()  6310 MB/s
[    8.248233] raid6: sse2x1   xor()  6139 MB/s
[    8.300027] raid6: sse2x2   gen() 13740 MB/s
[    8.352725] raid6: sse2x2   xor()  8900 MB/s
[    8.404426] raid6: sse2x4   gen() 13682 MB/s
[    8.460968] raid6: sse2x4   xor()  6513 MB/s
[    8.466291] raid6: using algorithm sse2x2 gen() 13740 MB/s
[    8.471456] raid6: .... xor() 8900 MB/s, rmw enabled
[    8.476208] raid6: using ssse3x2 recovery algorithm
[    8.494783] xor: measuring software checksum speed
[    8.536755]    prefetch64-sse: 16822.000 MB/sec
[    8.580099]    generic_sse: 14163.000 MB/sec
[    8.585844] xor: using function: prefetch64-sse (16822.000 MB/sec)
[    8.600384] async_tx: api initialized (async)
done.
Begin: Running /scripts/init-premount ... done.
Begin: Mounting root file system ... Begin: Running /scripts/local-top ... done.
Begin: Running /scripts/local-premount ... [    8.729812] Btrfs loaded, crc32c=crc32c-intel
Scanning for Btrfs filesystems
done.
Warning: fsck not present, so skipping root file system
[    8.866008] EXT4-fs (sda1): mounted filesystem with ordered data mode. Opts: (null)
done.
Begin: Running /scripts/local-bottom ... done.
Begin: Running /scripts/init-bottom ... done.
[    9.282924] ip_tables: (C) 2000-2006 Netfilter Core Team
[    9.314372] systemd[1]: systemd 237 running in system mode. (+PAM +AUDIT +SELINUX +IMA +APPARMOR +SMACK +SYSVINIT +UTMP +LIBCRYPTSETUP +GCRYPT +GNUTLS +ACL +XZ +LZ4 +SECCOMP +BLKID +ELFUTILS +KMOD -IDN2 +IDN -PCRE2 default-hierarchy=hybrid)
[    9.335059] systemd[1]: Detected virtualization oracle.
[    9.341449] systemd[1]: Detected architecture x86-64.

Welcome to [1mUbuntu 18.04.6 LTS[0m!

[    9.417301] systemd[1]: Set hostname to <ubuntu>.
[    9.433341] systemd[1]: Initializing machine ID from random generator.
[    9.440305] systemd[1]: Installed transient /etc/machine-id file.
[   10.142622] systemd[1]: Created slice System Slice.
[[0;32m  OK  [0m] Created slice System Slice.
[   10.151075] systemd[1]: Listening on LVM2 metadata daemon socket.
[[0;32m  OK  [0m] Listening on LVM2 metadata daemon socket.
[   10.162762] systemd[1]: Listening on Network Service Netlink Socket.
[[0;32m  OK  [0m] Listening on Network Service Netlink Socket.
[   10.174068] systemd[1]: Listening on Device-mapper event daemon FIFOs.
[[0;32m  OK  [0m] Listening on Device-mapper event daemon FIFOs.
[[0;32m  OK  [0m] Listening on Syslog Socket.
[[0;32m  OK  [0m] Listening on /dev/initctl Compatibility Named Pipe.
[[0;32m  OK  [0m] Started Forward Password Requests to Wall Directory Watch.
[[0;32m  OK  [0m] Created slice system-serial\x2dgetty.slice.
[[0;32m  OK  [0m] Created slice User and Session Slice.
[[0;32m  OK  [0m] Reached target Slices.
[[0;32m  OK  [0m] Listening on fsck to fsckd communication Socket.
[[0;32m  OK  [0m] Listening on Journal Socket.
         Starting Load Kernel Modules...
[[0;32m  OK  [0m] Reached target Swap.
[[0;32m  OK  [0m] Set up automount Arbitrary Executabâ€¦rmats File System Automount Point.
[[0;32m  OK  [0m] Reached target User and Group Name Lookups.
         Mounting Kernel Debug File System...
[   10.267878] Loading iSCSI transport class v2.0-870.
         Mounting Huge Pages File System...
         Starting Create list of required stâ€¦ce nodes for the current kernel...
[   10.313205] iscsi: registered transport (tcp)
         Starting File System Check on Root Device...
         Starting Set the console keyboard layout...
[[0;32m  OK  [0m] Listening on udev Control Socket.
         Mounting POSIX Message Queue File System...
[[0;32m  OK  [0m] Listening on Journal Socket (/dev/log).
[[0;32m  OK  [0m] Listening on LVM2 poll daemon socket.
         Starting Monitoring of LVM2 mirrorsâ€¦ng dmeventd or progress polling...
[[0;32m  OK  [0m] Listening on Journal Audit Socket.
         Starting Journal Service...
         Starting Uncomplicated firewall...
[[0;32m  OK  [0m] Reached target System Time Synchronized.
[[0;32m  OK  [0m] Listening on udev Kernel Socket.
         Starting udev Coldplug all Devices...
[[0;32m  OK  [0m] Mounted Kernel Debug File System.
[[0;32m  OK  [0m] Mounted Huge Pages File System.
[[0;32m  OK  [0m] Started Create list of required staâ€¦vice nodes for the current kernel.
[[0;32m  OK  [0m] Mounted POSIX Message Queue File System.
[[0;32m  OK  [0m] Started Uncomplicated firewall.
[[0;32m  OK  [0m] Started File System Check Daemon to report status.
         Starting Create Static Device Nodes in /dev...
[[0;32m  OK  [0m] Started LVM2 metadata daemon.
[[0;32m  OK  [0m] Started File System Check on Root Device.
         Starting Remount Root and Kernel File Systems...
[[0;32m  OK  [0m] Started udev Coldplug all Devices.
[[0;32m  OK  [0m] Started Journal Service.
[[0;32m  OK  [0m] Started Create Static Device Nodes in /dev.
[   10.781603] EXT4-fs (sda1): re-mounted. Opts: (null)
[[0;32m  OK  [0m] Started Remount Root and Kernel File Systems.
         Starting Flush Journal to Persistent Storage...
         Starting Load/Save Random Seed...
[   10.827589] iscsi: registered transport (iser)
         Starting udev Kernel Device Manager...
[[0;32m  OK  [0m] Started Load Kernel Modules.
[[0;32m  OK  [0m] Started Monitoring of LVM2 mirrors,â€¦sing dmeventd or progress polling.
         Mounting Kernel [   10.926169] random: crng init done
Configuration File System...[   10.930585] random: 7 urandom warning(s) missed due to ratelimiting

         Starting Apply Kernel Variables...
         Mounting FUSE Control File System...
[[0;32m  OK  [0m] Started Load/Save Random Seed.
[[0;32m  OK  [0m] Mounted Kernel Configuration File System.
[[0;32m  OK  [0m] Mounted FUSE Control File System.
[   10.985453] systemd-journald[424]: Received request to flush runtime journal from PID 1
[[0;32m  OK  [0m] Started udev Kernel Device Manager.
[[0;32m  OK  [0m] Started Apply Kernel Variables.
[[0;32m  OK  [0m] Started Flush Journal to Persistent Storage.
[[0;32m  OK  [0m] Found device /dev/ttyS0.
[[0;32m  OK  [0m] Listening on Load/Save RF Kill Switch Status /dev/rfkill Watch.
[[0;32m  OK  [0m] Started Set the console keyboard layout.
[[0;32m  OK  [0m] Reached target Local File Systems (Pre).
[[0;32m  OK  [0m] Reached target Local File Systems.
         Starting Create Volatile Files and Directories...
         Starting AppArmor initialization...
         Starting Commit a transient machine-id on disk...
         Starting Tell Plymouth To Write Out Runtime Data...
         Starting ebtables ruleset management...
         Starting Set console font and keymap...
[[0;32m  OK  [0m] Started Dispatch Password Requests to Console Directory Watch.
[[0;32m  OK  [0m] Reached target Local Encrypted Volumes.
[[0;32m  OK  [0m] Started Create Volatile Files and Directories.
         Starting Update UTMP about System Boot/Shutdown...
[[0;32m  OK  [0m] Started Tell Plymouth To Write Out Runtime Data.
[[0;32m  OK  [0m] Started Update UTMP about System Boot/Shutdown.
[[0;32m  OK  [0m] Started Commit a transient machine-id on disk.
[[0;32m  OK  [0m] Started ebtables ruleset management.
[[0;32m  OK  [0m] Started AppArmor initialization.
         Starting Load AppArmor profiles managed internally by snapd...
         Starting Initial cloud-init job (pre-networking)...
[[0;32m  OK  [0m] Started Load AppArmor profiles managed internally by snapd.
[[0;32m  OK  [0m] Started Set console font and keymap.
[   19.527512] cloud-init[824]: Cloud-init v. 22.2-0ubuntu1~18.04.3 running 'init-local' at Tue, 09 Aug 2022 00:47:57 +0000. Up 19.02 seconds.
[[0;32m  OK  [0m] Started Initial cloud-init job (pre-networking).
[[0;32m  OK  [0m] Reached target Network (Pre).
         Starting Network Service...
[[0;32m  OK  [0m] Started Network Service.
         Starting Wait for Network to be Configured...
         Starting Network Name Resolution...
[[0;32m  OK  [0m] Started Network Name Resolution.
[[0;32m  OK  [0m] Reached target Host and Network Name Lookups.
[[0;32m  OK  [0m] Reached target Network.
[[0;32m  OK  [0m] Started Wait for Network to be Configured.
         Starting Initial cloud-init job (metadata service crawler)...
[   22.139391] cloud-init[956]: Cloud-init v. 22.2-0ubuntu1~18.04.3 running 'init' at Tue, 09 Aug 2022 00:48:00 +0000. Up 21.94 seconds.
[   22.155092] cloud-init[956]: ci-info: ++++++++++++++++++++++++++++++++++++++Net device info++++++++++++++++++++++++++++++++++++++
[   22.162975] cloud-init[956]: ci-info: +--------+------+----------------------------+---------------+--------+-------------------+
[   22.176225] cloud-init[956]: ci-info: | Device |  Up  |          Address           |      Mask     | Scope  |     Hw-Address    |
[   22.193792] cloud-init[956]: ci-info: +--------+------+----------------------------+---------------+--------+-------------------+
[   22.201497] cloud-init[956]: ci-info: | enp0s3 | True |         10.0.2.15          | 255.255.255.0 | global | 02:aa:b2:66:c8:08 |
[   22.208165] cloud-init[956]: ci-info: | enp0s3 | True | fe80::aa:b2ff:fe66:c808/64 |       .       |  link  | 02:aa:b2:66:c8:08 |
[   22.215231] cloud-init[956]: ci-info: |   lo   | True |         127.0.0.1          |   255.0.0.0   |  host  |         .         |
[   22.225531] cloud-init[956]: ci-info: |   lo   | True |          ::1/128           |       .       |  host  |         .         |
[   22.233197] cloud-init[956]: ci-info: +--------+------+----------------------------+---------------+--------+-------------------+
[   22.245559] cloud-init[956]: ci-info: ++++++++++++++++++++++++++++Route IPv4 info+++++++++++++++++++++++++++++
[   22.253521] cloud-init[956]: ci-info: +-------+-------------+----------+-----------------+-----------+-------+
[   22.262377] cloud-init[956]: ci-info: | Route | Destination | Gateway  |     Genmask     | Interface | Flags |
[   22.274885] cloud-init[956]: ci-info: +-------+-------------+----------+-----------------+-----------+-------+
[   22.291202] cloud-init[956]: ci-info: |   0   |   0.0.0.0   | 10.0.2.2 |     0.0.0.0     |   enp0s3  |   UG  |
[   22.300698] cloud-init[956]: ci-info: |   1   |   10.0.2.0  | 0.0.0.0  |  255.255.255.0  |   enp0s3  |   U   |
[   22.319304] cloud-init[956]: ci-info: |   2   |   10.0.2.2  | 0.0.0.0  | 255.255.255.255 |   enp0s3  |   UH  |
[   22.327333] cloud-init[956]: ci-info: +-------+-------------+----------+-----------------+-----------+-------+
[   22.337242] cloud-init[956]: ci-info: +++++++++++++++++++Route IPv6 info+++++++++++++++++++
[   22.345584] cloud-init[956]: ci-info: +-------+-------------+---------+-----------+-------+
[   22.358103] cloud-init[956]: ci-info: | Route | Destination | Gateway | Interface | Flags |
[   22.367725] cloud-init[956]: ci-info: +-------+-------------+---------+-----------+-------+
[   22.380204] cloud-init[956]: ci-info: |   1   |  fe80::/64  |    ::   |   enp0s3  |   U   |
[   22.391479] cloud-init[956]: ci-info: |   3   |    local    |    ::   |   enp0s3  |   U   |
[   22.401752] cloud-init[956]: ci-info: |   4   |   ff00::/8  |    ::   |   enp0s3  |   U   |
[   22.407511] cloud-init[956]: ci-info: +-------+-------------+---------+-----------+-------+
[   23.914183] cloud-init[956]: Generating public/private rsa key pair.
[   23.918130] cloud-init[956]: Your identification has been saved in /etc/ssh/ssh_host_rsa_key.
[   23.924510] cloud-init[956]: Your public key has been saved in /etc/ssh/ssh_host_rsa_key.pub.
[   23.930501] cloud-init[956]: The key fingerprint is:
[   23.934885] cloud-init[956]: SHA256:DIoYpHC97sERb7qVYiFBGleDAJdiTFpIvW7RSUU2Yto root@ubuntu-bionic
[   23.943109] cloud-init[956]: The key's randomart image is:
[   23.947908] cloud-init[956]: +---[RSA 2048]----+
[   23.953488] cloud-init[956]: |XBB=ooo=         |
[   23.957572] cloud-init[956]: |BX+.*oo .        |
[   23.961929] cloud-init[956]: |*. o+Eo          |
[   23.968061] cloud-init[956]: | o.+++oo         |
[   23.972860] cloud-init[956]: |. o+o= .S        |
[   23.977062] cloud-init[956]: |   oB o          |
[   23.980950] cloud-init[[0;32m  OK  [0m] Started Initial cloud-init job (metadata service crawler).
[[0;32m  OK  [0m] Reached target Cloud-config availability.
[[0;32m  OK  [0m] Reached target Network is Online.
         Starting Availability of block devices...
[[0;32m  OK  [0m] Reached target Remote File Systems (Pre).
[[0;32m  OK  [0m] Reached target Remote File Systems.
[[0;32m  OK  [0m] Reached target System Initialization.
         Starting LXD - unix socket.
[[0;32m  OK  [0m] Started Ubuntu Advantage Timer for running repeated jobs.
[[0;32m  OK  [0m] Listening on Open-iSCSI iscsid Socket.
[[0;32m  OK  [0m] Listening on UUID daemon activation socket.
[[0;32m  OK  [0m] Listening on ACPID Listen Socket.
[[0;32m  OK  [0m] Listening on D-Bus System Message Bus Socket.
[[0;32m  OK  [0m] Started Discard unused blocks once a week.
         Starting Socket activation for snappy daemon.
[[0;32m  OK  [0m] Started ACPI Events Check.
[[0;32m  OK  [0m] Listening on cloud-init hotplug hook socket.
[[0;32m  OK  [0m] Reached target Paths.
[[0;32m  OK  [0m] Started Daily apt download activities.
[[0;32m  OK  [0m] Started Daily apt upgrade and clean activities.
[[0;32m  OK  [0m] Started Daily Cleanup of Temporary Directories.
[[0;32m  OK  [0m] Started Message of the Day.
[[0;32m  OK  [0m] Reached target Timers.
[[0;32m  OK  [0m] Listening on LXD - unix socket.
[[0;32m  OK  [0m] Listening on Socket activation for snappy daemon.
[[0;32m  OK  [0m] Reached target Sockets.
[[0;32m  OK  [0m] Reached target Basic System.
[[0;32m  OK  [0m] Started Deferred execution scheduler.
         Starting Accounts Service...
[[0;32m  OK  [0m] Started irqbalance daemon.
         Starting Permit User Sessions...
[[0;32m  OK  [0m] Started Regular background program processing daemon.
         Starting Dispatcher daemon for systemd-networkd...
[[0;32m  OK  [0m] Started FUSE filesystem for LXC.
         Starting System Logging Service...
[956]: |  .o =           |
         Starting Login Service...
         Starting LSB: Record successful boot for GRUB...
[   24.062475] cloud-init[956]: |    o            |
[   24.089048] cloud-init[956]: |                 |
[   24.115793] cloud-init[956]: +----[SHA256]-----+
[   24.140288] cloud-init[956]: Generating public/private dsa key pair.
[   24.148854] cloud-init[956]: Your identification has been saved in /etc/ssh/ssh_host_dsa_key.
[   24.154109] cloud-init[956]: Your public key has been saved in /etc/ssh/ssh_host_dsa_key.pub.
[   24.168227] cloud-init[956]: The key fingerprint is:
[   24.181260] cloud-init[956]: SHA256:jUDn9Jp1GOhoqH7gsoHccrT1iiRyL7tUNGHfuRzI3Ik root@ubuntu-bionic
[   24.194120] cloud-init[956]: The key's randomart image is:
[   24.199138] cloud-init[956]: +---[DSA 1024]----+
[   24.206766] cloud-init[956]: |    o . o..      |
[   24.211096] cloud-init[956]: |   . * O.+ o     |
[   24.215061] cloud-init[956]: |    o.EoB + .    |         Starting Pollinate to seed the pseudo random number generator...
[[0;32m  OK  [0m] Started D-Bus System Message Bus.

[   24.233546] cloud-init[956]: |   ...oo.O .     |
[   24.245936] cloud-init[956]: |   o.o  S .      |
[   24.268011] cloud-init[956]: |o =.o .          |
[   24.293542] cloud-init[956]: |+*o*   .         |
[   24.300009] cloud-init[956]: |o+O.o .          |
[   24.306408] cloud-init[956]: |.oo*..           |
[   24.314867] cloud-init[956]: +----[SHA256]-----+
[   24.319357] cloud-init[956]: Generating public/private ecdsa key pair.
[   24.325119] cloud-init[956]: Your identification has been saved in /etc/ssh/ssh_host_ecdsa_key.
[   24.336444] cloud-init[956]: Your public key has been saved in /etc/ssh/ssh_host_ecdsa_key.pub.
[   24.344773] cloud-init[956]: The key fingerprint is:
[   24.353845] cloud-init[956]: SHA256:TCdVt5u6n83dxQvXRH0eeQT92Kg+tNGfOwtomfShJBc root@ubuntu-bionic
[   24.363863] cloud-init[956]: The key's randomart image is:
[   24.370809] cloud-init[956]: +---[ECDSA 256]---+
[   24.388110] cloud-init[956]: |          ... oo.|
[   24.402991] cloud-init[956]: |         .   . o+|
[   24.427474] cloud-init[956]: |        o .E  .**|
[   24.434187] cloud-init[956]: |       o o  . o=*|
[   24.443387] cloud-init[956]: |        S. + +o o|
[   24.451294] cloud-init[956]: |          = X.oo.|
[   24.460726] cloud-init[956]: |           O.* o=|
[   24.476322] cloud-init[956]: |          . +.+**|
[   24.490416] cloud-init[956]: |            .oo+O|
[   24.500690] cloud-init[956]: +----[SHA256]-----+
[   24.507390] cloud-init[956]: Generating public/private ed25519 key pair.
[   24.515650] cloud-init[956]: Your identification has been saved in /etc/ssh/ssh_host_ed25519_key.
[   24.522505] cloud-init[956]: Your public key has been saved in /etc/ssh/ssh_host_ed25519_key.pub.
[   24.529671] [[0;32m  OK  [0m] Started Login Service.
         Starting Virtualbox guest utils...
         Starting LSB: automatic crash report generation...
[[0;32m  OK  [0m] Started Unattended Upgrades Shutdown.
cloud-init[956]: The key fingerprint is:
[   24.544698] cloud-init[956]: SHA256:4w+85lxo7nKW590KQzvu+9MsnHFVUJhYSY+HG8a5jXw root@ubuntu-bionic
[   24.553411] cloud-init[956]: The key's randomart image is:
[   24.571316] cloud-init[956]: +--[ED25519 256]--+
[   24.585479] cloud-init[956]: |             ++*.|
[   24.591023] cloud-init[956]: |            ..+=.|
[   24.595593] cloud-init[956]: |              B +|
[   24.606540] cloud-init[956]: |             o B.|
[   24.612903] cloud-init[956]: |        S .   =.E|
[   24.617982] cloud-init[956]: |       o + .. .. |
[   24.626258] cloud-init[956]: |        *.*. *   |
[   24.630988] cloud-init[956]: |      .+=*.==.o  |
[   24.636117] cloud-init[956]: |       B*+*o++.  |         Starting Snap Daemon...

[   24.649261] cloud-init[956]: +----[SHA256]-----+
         Starting LXD - container startup/shutdown...
[[0;32m  OK  [0m] Started System Logging Service.
[[0;32m  OK  [0m] Started Availability of block devices.
[[0;32m  OK  [0m] Started Permit User Sessions.
         Starting Authorization Manager...
         Starting Hold until boot process finishes up...
         Starting Terminate Plymouth Boot Screen...
[[0;32m  OK  [0m] Started Hold until boot process finishes up.
         Starting Set console scheme...
[[0;32m  OK  [0m] Started Serial Getty on ttyS0.
[[0;32m  OK  [0m] Started LSB: automatic crash report generation.
[[0;32m  OK  [0m] Started Terminate Plymouth Boot Screen.
[[0;32m  OK  [0m] Started Set console scheme.
[[0;32m  OK  [0m] Created slice system-getty.slice.
[[0;32m  OK  [0m] Started Getty on tty1.
[[0;32m  OK  [0m] Reached target Login Prompts.
[[0;32m  OK  [0m] Started LSB: Record successful boot for GRUB.
[[0;32m  OK  [0m] Started Dispatcher daemon for systemd-networkd.
[[0;32m  OK  [0m] Started Authorization Manager.
[[0;32m  OK  [0m] Started Accounts Service.
[[0;32m  OK  [0m] Started Virtualbox guest utils.
[[0;32m  OK  [0m] Started LXD - container startup/shutdown.
[[0;32m  OK  [0m] Started Snap Daemon.
         Starting Wait until snapd is fully seeded...
[[0;32m  OK  [0m] Started Pollinate to seed the pseudo random number generator.
         Starting OpenBSD Secure Shell server...
         Starting Time & Date Service...
[[0;32m  OK  [0m] Started OpenBSD Secure Shell server.
[[0;32m  OK  [0m] Started Time & Date Service.
[[0;32m  OK  [0m] Created slice User Slice of vagrant.
         Starting User Manager for UID 1000...
[[0;32m  OK  [0m] Started Session 1 of user vagrant.
[[0;32m  OK  [0m] Started User Manager for UID 1000.

Ubuntu 18.04.6 LTS ubuntu-bionic ttyS0

ubuntu-bionic login: [   32.820267] cloud-init[1669]: Cloud-init v. 22.2-0ubuntu1~18.04.3 running 'modules:config' at Tue, 09 Aug 2022 00:48:09 +0000. Up 31.73 seconds.
ci-info: no authorized SSH keys fingerprints found for user ubuntu.
<14>Aug  9 00:48:11 cloud-init: #############################################################
<14>Aug  9 00:48:11 cloud-init: -----BEGIN SSH HOST KEY FINGERPRINTS-----
<14>Aug  9 00:48:11 cloud-init: 1024 SHA256:jUDn9Jp1GOhoqH7gsoHccrT1iiRyL7tUNGHfuRzI3Ik root@ubuntu-bionic (DSA)
<14>Aug  9 00:48:11 cloud-init: 256 SHA256:TCdVt5u6n83dxQvXRH0eeQT92Kg+tNGfOwtomfShJBc root@ubuntu-bionic (ECDSA)
<14>Aug  9 00:48:11 cloud-init: 256 SHA256:4w+85lxo7nKW590KQzvu+9MsnHFVUJhYSY+HG8a5jXw root@ubuntu-bionic (ED25519)
<14>Aug  9 00:48:11 cloud-init: 2048 SHA256:DIoYpHC97sERb7qVYiFBGleDAJdiTFpIvW7RSUU2Yto root@ubuntu-bionic (RSA)
<14>Aug  9 00:48:11 cloud-init: -----END SSH HOST KEY FINGERPRINTS-----
<14>Aug  9 00:48:11 cloud-init: #############################################################
-----BEGIN SSH HOST KEY KEYS-----
ecdsa-sha2-nistp256 AAAAE2VjZHNhLXNoYTItbmlzdHAyNTYAAAAIbmlzdHAyNTYAAABBBAchcJ4yn6zXVaFFvmjQ31wuak2wUR+RJGhj9vskww9hJZ+PXo+n6nV7FH/HVkUEpHrPryEeb3x0C9x6V3Taon4= root@ubuntu-bionic
ssh-ed25519 AAAAC3NzaC1lZDI1NTE5AAAAIPsKqHkmpXPMQ2dypej1nCvVUQvUG1OQ5E4ITwUr4Yg2 root@ubuntu-bionic
ssh-rsa AAAAB3NzaC1yc2EAAAADAQABAAABAQDreOQhElStcT9uJ9G++5q5a0c/FPxJGajtFwNvrISHJMDavSCcMKp2+Ht33v1fkR+m//9eNq2E493MslyAyD/ccs28Mz3WaDn/fxa1Zf4vkEpYiVcXXyteqXnpoNE3QDSh95F1ONpF7EKxx/JvndaFBTFfJgwxQa9VnUxTwE8x2fIoZ9PSwvXyBeW75ZZS9cdBAFT1SKCpf7gK7CSJYu5HIpHErmql2/E5txWAQTKt0nGqv5yoWtt4Mfn5JxYpsgSfdYWacWkEVI7XQ3MYS3UercppNR3e1TzJ1tnFafDLxjZEOAgH7QztzsQqB99CI5PcxjyGpaHzlmyFrsUyPfU9 root@ubuntu-bionic
-----END SSH HOST KEY KEYS-----
[   33.666174] cloud-init[1797]: Cloud-init v. 22.2-0ubuntu1~18.04.3 running 'modules:final' at Tue, 09 Aug 2022 00:48:11 +0000. Up 33.37 seconds.
[   33.666752] cloud-init[1797]: Cloud-init v. 22.2-0ubuntu1~18.04.3 finished at Tue, 09 Aug 2022 00:48:11 +0000. Datasource DataSourceNoCloud [seed=/dev/sdb][dsmode=net].  Up 33.65 seconds
[  272.249705] aufs aufs_fill_super:912:mount[17254]: no arg
[  272.292591] overlayfs: missing 'lowerdir'
